[backblue.gif]
[fade.gif]
[index.html]
[www.decorationjf.ch/index.html]
[www.decorationjf.ch/js/main.js]
[www.decorationjf.ch/images/equipe.jpg]
[ajax.googleapis.com/ajax/libs/jquery/1.5.2/jquery.min.js]
[www.decorationjf.ch/js/scripts.js]
[www.decorationjf.ch/images/Image_1.jpg]
[www.decorationjf.ch/images/Image_2.jpg]
[www.decorationjf.ch/images/Image_3.jpg]
[www.decorationjf.ch/images/Image_4.jpg]
[www.decorationjf.ch/images/Image_5.jpg]
[www.decorationjf.ch/images/Image_6.jpg]
[www.decorationjf.ch/images/Image_7.jpg]
[www.decorationjf.ch/css/style.css]
[www.decorationjf.ch/images/Image_8.jpg]
[www.decorationjf.ch/images/Image_9.jpg]
[www.decorationjf.ch/images/Image_10.jpg]
[www.decorationjf.ch/images/Image_11.jpg]
[www.decorationjf.ch/index_fichiers/about01.html]
[www.decorationjf.ch/images/Image_12.jpg]
[www.decorationjf.ch/images/Image_13.jpg]
[www.decorationjf.ch/js/jquery.colorbox-min.js]
[www.decorationjf.ch/index_fichiers/about02.html]
[www.decorationjf.ch/js/jquery.nivo.slider.pack.js]
[www.decorationjf.ch/images/slide01.jpg]
[www.decorationjf.ch/images/slide02.jpg]
[www.decorationjf.ch/images/slide03.jpg]
[www.decorationjf.ch/index_fichiers/about03.html]
[www.decorationjf.ch/images/slide04.jpg]
[www.decorationjf.ch/images/slide05.jpg]
[www.decorationjf.ch/index_fichiers/about04.html]
[www.decorationjf.ch/index_fichiers/about05.html]
[www.decorationjf.ch/index_fichiers/about06.html]
[www.decorationjf.ch/images/loader.gif]
[www.decorationjf.ch/images/px1.jpg]
[www.decorationjf.ch/images/splash.png]
[www.decorationjf.ch/index_fichiers/about07.html]
[www.decorationjf.ch/images/door1.png]
[www.decorationjf.ch/images/paint.png]
[www.decorationjf.ch/images/enter.png]
[www.decorationjf.ch/images/item1.png]
[www.decorationjf.ch/index_fichiers/about08.html]
[www.decorationjf.ch/images/item2.png]
[www.decorationjf.ch/images/item3.png]
[www.decorationjf.ch/images/man1.png]
[www.decorationjf.ch/index_fichiers/about09.html]
[www.decorationjf.ch/images/nav.png]
[www.decorationjf.ch/images/arr1.png]
[www.decorationjf.ch/images/close.png]
[www.decorationjf.ch/js/jquery.1.5.2.html]
[www.decorationjf.ch/images/submit.png]
[www.decorationjf.ch/favicon.html]
[www.decorationjf.ch/css/opensans-regular-webfont.eot]
[www.decorationjf.ch/css/opensans-regular-webfontd41d.eot]
[www.decorationjf.ch/css/opensans-regular-webfont.woff]
[www.decorationjf.ch/css/opensans-regular-webfont.ttf]
[www.decorationjf.ch/css/opensans-bold-webfont.eot]
[www.decorationjf.ch/css/opensans-bold-webfontd41d.eot]
[www.decorationjf.ch/css/opensans-bold-webfont.woff]
[fonts.googleapis.com/css2472.css]
[fonts.googleapis.com/cssd7fa.css]
[www.decorationjf.ch/css/template.css]
[www.decorationjf.ch/css/colorbox.css]
[www.decorationjf.ch/css/options.css]
[www.decorationjf.ch/js/jquery.validity.pack.html]
[www.decorationjf.ch/css/reset.css]
[www.decorationjf.ch/css/prettyPhoto.css]
[www.decorationjf.ch/css/slider.css]
[www.decorationjf.ch/css/jquery.jscrollpane.css]
[www.decorationjf.ch/css/jplayer.css]
[www.decorationjf.ch/images/bot1.html]
[www.decorationjf.ch/images/footer.html]
[www.decorationjf.ch/images/marker1.html]
[www.decorationjf.ch/images/pagination.png]
[www.decorationjf.ch/images/jspTrack.png]
[www.decorationjf.ch/images/jspDrag.png]
[www.decorationjf.ch/images/button2.html]
[www.decorationjf.ch/images/button2_over.html]
[www.decorationjf.ch/images/li_st1.html]
[www.decorationjf.ch/css/opensans-regular-webfont.svg]
[www.decorationjf.ch/css/opensans-bold.html]
[www.decorationjf.ch/css/opensans-bold-webfont.svg]
[www.decorationjf.ch/images/cloth-bewitched.html]
[www.decorationjf.ch/images/quote.html]
[www.decorationjf.ch/images/header-cloth-bewitched.html]
[www.decorationjf.ch/images/header-highlight-bewitched.html]
[www.decorationjf.ch/images/menu.html]
[www.decorationjf.ch/images/paper.html]
[www.decorationjf.ch/images/sprite1.html]
[www.decorationjf.ch/images/ribbon.html]
[www.decorationjf.ch/images/ribbonnews.html]
[www.decorationjf.ch/images/squares.html]
[www.decorationjf.ch/images/separator.html]
[www.decorationjf.ch/images/search.html]
[www.decorationjf.ch/images/bullet-default.html]
[www.decorationjf.ch/images/buttons.html]
[www.decorationjf.ch/images/leaf.html]
[www.decorationjf.ch/images/loading.html]
[www.decorationjf.ch/images/social/aim_16.html]
[www.decorationjf.ch/images/social/aim_32.html]
[www.decorationjf.ch/images/social/facebook_16.html]
[www.decorationjf.ch/images/social/facebook_32.html]
[www.decorationjf.ch/images/social/flickr_16.html]
[www.decorationjf.ch/images/social/flickr_32.html]
[www.decorationjf.ch/images/social/google_voice_16.html]
[www.decorationjf.ch/images/social/google_voice_32.html]
[www.decorationjf.ch/images/social/google_wave_16.html]
[www.decorationjf.ch/images/social/google_wave_32.html]
[www.decorationjf.ch/images/social/google_talk_16.html]
[www.decorationjf.ch/images/social/google_talk_32.html]
[www.decorationjf.ch/images/social/linkedin_16.html]
[www.decorationjf.ch/images/social/linkedin_32.html]
[www.decorationjf.ch/images/social/myspace_16.html]
[www.decorationjf.ch/images/social/myspace_32.html]
[www.decorationjf.ch/images/social/paypal_16.html]
[www.decorationjf.ch/images/social/paypal_32.html]
[www.decorationjf.ch/images/social/rss_16.html]
[www.decorationjf.ch/images/social/rss_32.html]
[www.decorationjf.ch/images/social/skype_16.html]
[www.decorationjf.ch/images/social/skype_32.html]
[www.decorationjf.ch/images/social/tumblr_16.html]
[www.decorationjf.ch/images/social/tumblr_32.html]
[www.decorationjf.ch/images/social/twitter_16.html]
[www.decorationjf.ch/images/social/twitter_32.html]
[www.decorationjf.ch/images/social/vimeo_16.html]
[www.decorationjf.ch/images/social/vimeo_32.html]
[www.decorationjf.ch/images/social/yahoo_16.html]
[www.decorationjf.ch/images/social/yahoo_32.html]
[www.decorationjf.ch/images/social/youtube_16.html]
[www.decorationjf.ch/images/social/youtube_32.html]
[www.decorationjf.ch/images/controls.html]
[www.decorationjf.ch/images/colorbox/controls.html]
[www.decorationjf.ch/images/colorbox/loading.html]
[www.decorationjf.ch/images/prettyPhoto/default/sprite.html]
[www.decorationjf.ch/images/prettyPhoto/default/sprite_x.html]
[www.decorationjf.ch/images/prettyPhoto/default/sprite_y.html]
[www.decorationjf.ch/images/prettyPhoto/default/sprite_next.html]
[www.decorationjf.ch/images/prettyPhoto/default/sprite_prev.html]
[www.decorationjf.ch/images/prettyPhoto/default/default_thumb.html]
[www.decorationjf.ch/images/prettyPhoto/default/loader.html]
[www.decorationjf.ch/images/prettyPhoto/facebook/default_thumbnail.html]
[www.decorationjf.ch/images/prettyPhoto/light_rounded/loader.html]
[www.decorationjf.ch/images/prettyPhoto/dark_rounded/contentPattern.html]
[www.decorationjf.ch/images/prettyPhoto/dark/sprite.html]
[www.decorationjf.ch/images/prettyPhoto/dark/sprite_x.html]
[www.decorationjf.ch/images/prettyPhoto/dark/sprite_y.html]
[www.decorationjf.ch/images/prettyPhoto/dark/sprite_next.html]
[www.decorationjf.ch/images/prettyPhoto/dark/sprite_prev.html]
[www.decorationjf.ch/images/prettyPhoto/dark/default_thumb.html]
[www.decorationjf.ch/images/prettyPhoto/dark/loader.html]
