[www.decorationjf.ch/index.html]
[backblue.gif]
[fade.gif]
[index.html]
[www.decorationjf.ch/index.html]
[www.decorationjf.ch/css/style.css]
[www.decorationjf.ch/js/main.js]
[www.decorationjf.ch/css/style.css]
[www.decorationjf.ch/index_fichiers/about01.html]
[www.decorationjf.ch/index_fichiers/about02.html]
[www.decorationjf.ch/images/equipe.jpg]
[www.decorationjf.ch/index_fichiers/about03.html]
[www.decorationjf.ch/index_fichiers/about04.html]
[www.decorationjf.ch/index_fichiers/about05.html]
[www.decorationjf.ch/css/template.css]
[www.decorationjf.ch/index_fichiers/about06.html]
[www.decorationjf.ch/index_fichiers/about07.html]
[www.decorationjf.ch/index_fichiers/about08.html]
[www.decorationjf.ch/css/colorbox.css]
[www.decorationjf.ch/index_fichiers/about09.html]
[www.decorationjf.ch/css/options.css]
[www.decorationjf.ch/js/scripts.js]
[www.decorationjf.ch/images/Image_1.jpg]
[www.decorationjf.ch/images/Image_2.jpg]
[www.decorationjf.ch/images/Image_3.jpg]
[www.decorationjf.ch/images/Image_4.jpg]
[www.decorationjf.ch/images/Image_5.jpg]
[www.decorationjf.ch/images/Image_6.jpg]
[www.decorationjf.ch/images/Image_7.jpg]
[www.decorationjf.ch/images/Image_8.jpg]
[www.decorationjf.ch/images/Image_9.jpg]
[www.decorationjf.ch/images/Image_10.jpg]
[www.decorationjf.ch/images/Image_11.jpg]
[www.decorationjf.ch/images/Image_12.jpg]
[www.decorationjf.ch/images/Image_13.jpg]
[www.decorationjf.ch/js/jquery.colorbox-min.js]
[www.decorationjf.ch/js/jquery.nivo.slider.pack.js]
[www.decorationjf.ch/images/slide01.jpg]
[www.decorationjf.ch/images/slide02.jpg]
[www.decorationjf.ch/images/slide03.jpg]
[www.decorationjf.ch/images/slide04.jpg]
[www.decorationjf.ch/images/slide05.jpg]
[www.decorationjf.ch/css/reset.css]
[www.decorationjf.ch/css/prettyPhoto.css]
[www.decorationjf.ch/css/slider.css]
[www.decorationjf.ch/css/jquery.jscrollpane.css]
[www.decorationjf.ch/css/jplayer.css]
[www.decorationjf.ch/images/loader.gif]
[www.decorationjf.ch/images/px1.jpg]
[www.decorationjf.ch/images/splash.png]
[www.decorationjf.ch/images/door1.png]
[www.decorationjf.ch/images/paint.png]
[www.decorationjf.ch/images/enter.png]
[www.decorationjf.ch/images/item1.png]
[www.decorationjf.ch/images/item2.png]
[www.decorationjf.ch/images/item3.png]
[www.decorationjf.ch/images/man1.png]
[www.decorationjf.ch/images/nav.png]
[www.decorationjf.ch/images/arr1.png]
[www.decorationjf.ch/images/close.png]
[ajax.googleapis.com/ajax/libs/jquery/1.5.2/jquery.min.js]
[www.decorationjf.ch/js/jquery.1.5.2.html]
[www.decorationjf.ch/favicon.html]
[www.decorationjf.ch/images/submit.png]
[www.decorationjf.ch/css/opensans-regular-webfont.eot]
[www.decorationjf.ch/css/opensans-regular-webfontd41d.eot]
[www.decorationjf.ch/css/opensans-regular-webfont.woff]
[www.decorationjf.ch/css/opensans-regular-webfont.ttf]
[fonts.gstatic.com/s/droidserif/v10/tDbI2oqRg1oM3QBjjcaDkOr9rAA.ttf]
[fonts.googleapis.com/css2472.css]
[www.decorationjf.ch/css/opensans-bold-webfont.eot]
[fonts.googleapis.com/cssd7fa.css]
[www.decorationjf.ch/css/template.css]
[www.decorationjf.ch/css/opensans-bold-webfont.woff]
[www.decorationjf.ch/css/opensans-bold-webfontd41d.eot]
[www.decorationjf.ch/css/colorbox.css]
[www.decorationjf.ch/css/options.css]
[www.decorationjf.ch/js/jquery.validity.pack.html]
[fonts.gstatic.com/s/dancingscript/v11/If2RXTr6YS-zF4S-kcSWSVi_szLgiuQ.ttf]
[www.decorationjf.ch/css/reset.css]
[www.decorationjf.ch/css/prettyPhoto.css]
[www.decorationjf.ch/css/slider.css]
[www.decorationjf.ch/css/jquery.jscrollpane.css]
[www.decorationjf.ch/css/jplayer.css]
[www.decorationjf.ch/images/bot1.html]
[www.decorationjf.ch/images/footer.html]
[www.decorationjf.ch/images/marker1.html]
[www.decorationjf.ch/images/button2.html]
[www.decorationjf.ch/images/button2_over.html]
[www.decorationjf.ch/images/li_st1.html]
[www.w3.org/2000/svg.html]
[www.decorationjf.ch/css/opensans-regular-webfont.svg]
[www.decorationjf.ch/css/opensans-bold.html]
[www.decorationjf.ch/css/opensans-bold-webfont.svg]
[www.decorationjf.ch/images/cloth-bewitched.html]
[www.decorationjf.ch/images/quote.html]
[www.decorationjf.ch/images/header-cloth-bewitched.html]
[www.decorationjf.ch/images/header-highlight-bewitched.html]
[www.decorationjf.ch/images/menu.html]
[www.decorationjf.ch/images/paper.html]
[www.decorationjf.ch/images/sprite1.html]
[www.decorationjf.ch/images/ribbon.html]
[www.decorationjf.ch/images/ribbonnews.html]
[www.decorationjf.ch/images/squares.html]
[www.decorationjf.ch/images/separator.html]
[www.decorationjf.ch/images/search.html]
[www.decorationjf.ch/images/bullet-default.html]
[www.decorationjf.ch/images/buttons.html]
[www.decorationjf.ch/images/leaf.html]
[www.decorationjf.ch/images/loading.html]
[www.decorationjf.ch/images/social/aim_16.html]
[www.decorationjf.ch/images/social/aim_32.html]
[www.decorationjf.ch/images/social/facebook_16.html]
[www.decorationjf.ch/images/social/facebook_32.html]
[www.decorationjf.ch/images/social/flickr_16.html]
[www.decorationjf.ch/images/social/flickr_32.html]
[www.decorationjf.ch/images/social/google_voice_16.html]
[www.decorationjf.ch/images/social/google_voice_32.html]
[www.decorationjf.ch/images/social/google_wave_16.html]
[www.decorationjf.ch/images/social/google_wave_32.html]
[www.decorationjf.ch/images/social/google_talk_16.html]
[www.decorationjf.ch/images/social/google_talk_32.html]
[www.decorationjf.ch/images/social/linkedin_16.html]
[www.decorationjf.ch/images/social/linkedin_32.html]
[www.decorationjf.ch/images/social/myspace_16.html]
[www.decorationjf.ch/images/social/myspace_32.html]
[www.decorationjf.ch/images/social/paypal_16.html]
[www.decorationjf.ch/images/social/paypal_32.html]
[www.decorationjf.ch/images/social/rss_16.html]
[www.decorationjf.ch/images/social/rss_32.html]
[www.decorationjf.ch/images/social/skype_16.html]
[www.decorationjf.ch/images/social/skype_32.html]
[www.decorationjf.ch/images/social/tumblr_16.html]
[www.decorationjf.ch/images/social/tumblr_32.html]
[www.decorationjf.ch/images/social/twitter_16.html]
[www.decorationjf.ch/images/social/twitter_32.html]
[www.decorationjf.ch/images/social/vimeo_16.html]
[www.decorationjf.ch/images/pagination.png]
[www.decorationjf.ch/images/jspTrack.png]
[www.decorationjf.ch/images/social/vimeo_32.html]
[www.decorationjf.ch/images/social/yahoo_16.html]
[www.decorationjf.ch/images/social/yahoo_32.html]
[www.decorationjf.ch/images/social/youtube_16.html]
[www.decorationjf.ch/images/social/youtube_32.html]
[www.decorationjf.ch/images/controls.html]
[www.decorationjf.ch/images/colorbox/controls.html]
[www.decorationjf.ch/images/colorbox/loading.html]
[www.decorationjf.ch/images/prettyPhoto/default/sprite.html]
[www.decorationjf.ch/images/prettyPhoto/default/sprite_x.html]
[www.decorationjf.ch/images/prettyPhoto/default/sprite_y.html]
[www.decorationjf.ch/images/prettyPhoto/default/sprite_next.html]
[www.decorationjf.ch/images/prettyPhoto/default/sprite_prev.html]
[www.decorationjf.ch/images/prettyPhoto/default/default_thumb.html]
[www.decorationjf.ch/images/prettyPhoto/default/loader.html]
[www.decorationjf.ch/images/prettyPhoto/facebook/default_thumbnail.html]
[www.decorationjf.ch/images/prettyPhoto/light_rounded/loader.html]
[www.decorationjf.ch/images/prettyPhoto/dark_rounded/contentPattern.html]
[www.decorationjf.ch/images/prettyPhoto/dark/sprite.html]
[www.decorationjf.ch/images/prettyPhoto/dark/sprite_x.html]
[www.decorationjf.ch/images/prettyPhoto/dark/sprite_y.html]
[www.decorationjf.ch/images/prettyPhoto/dark/sprite_next.html]
[www.decorationjf.ch/images/prettyPhoto/dark/sprite_prev.html]
[www.decorationjf.ch/images/prettyPhoto/dark/default_thumb.html]
[www.decorationjf.ch/images/prettyPhoto/dark/loader.html]
[www.decorationjf.ch/images/jspDrag.png]
[www.w3.org/StyleSheets/TR/base.css]
[www.w3.org/Icons/w3c_home.png]
[www.w3.org/index.html]
[www.w3.org/2001/tag/doc/namespaceState.html]
[www.w3.org/TR/SVG/index.html]
[www.w3.org/Graphics/SVG/index.html]
[www.w3.org/TR/REC-xml/index.html]
[www.w3.org/Help/Webmaster.html]
[www.w3.org/2000/svg.html]
[www.w3.org/StyleSheets/TR/base.css]
[www.w3.org/TR/REC-xml-names/index.html]
[www.w3.org/2008/site/css/minimum.css]
[www.w3.org/Help/index.html]
[www.w3.org/2008/site/css/advanced.css]
[www.w3.org/2008/site/css/print.css]
[www.w3.org/2008/site/images/favicon.ico]
[www.w3.org/blog/news/feed/atom]
[www.w3.org/2008/site/images/logo-w3c-mobile-lg.png]
[www.w3.org/Consortium/membership.html]
[www.w3.org/2008/site/images/search-button.gif]
[www.w3.org/standards/index.html]
[www.w3.org/participate/index.html]
[www.w3.org/2008/site/images/logo-shadow.png]
[www.w3.org/Consortium/index.html]
[www.w3.org/2008/site/images/header-link.gif]
[www.w3.org/Consortium/mission.html]
[www.w3.org/auto/index.html]
[www.w3.org/tv/index.html]
[www.w3.org/2013/data/index.html]
[www.w3.org/Telco/index.html]
[www.w3.org/Payments/WG/index.html]
[www.w3.org/WoT/index.html]
[www.w3.org/WAI/index.html]
[www.w3.org/Security/index.html]
[www.w3.org/Privacy/index.html]
[www.w3.org/International/index.html]
[www.w3.org/2015/10/W3C-Developers_Assets/W3C-Developers-Dark.png]
[www.w3.org/Consortium/cepc/index.html]
[www.w3.org/Consortium/activities.html]
[www.w3.org/Status.html]
[www.edx.org/school/w3cx.html]
[www.w3.org/2009/cheatsheet/index.html]
[validator.w3.org/index.html]
[www.w3.org/accounts/request.html]
[www.w3.org/blog/news/archives/7968.html]
[www.w3.org/2019/09/TPAC/banner-and-title.jpg]
[www.w3.org/2019/09/TPAC/index.html]
[www.w3.org/2019/09/w3c-highlights/index.html]
[www.w3.org/blog/news/archives/7958.html]
[www.w3.org/blog/2019/09/looking-back-at-tpac-2019-public-release-of-w3c-strategic-highlights/index.html]
[www.w3.org/2017/vc/WG/index.html]
[www.w3.org/TR/2019/NOTE-vc-imp-guide-20190924/index.html]
[www.w3.org/TR/2019/NOTE-vc-use-cases-20190924/index.html]
[www.w3.org/blog/news/archives/7955.html]
[www.w3.org/2018/chinese-web-ig/index.html]
[www.w3.org/TR/2019/WD-mini-app-white-paper-20190912/index.html]
[www.w3.org/TR/2019/PR-vc-data-model-20190905/index.html]
[www.w3.org/blog/news/archives/7951.html]
[www.w3.org/testing/browser/index.html]
[www.w3.org/TR/2019/WD-webdriver2-20190912/index.html]
[www.w3.org/blog/news/archives/7939.html]
[www.w3.org/WAI/content-images/wai-media-guide/social.png]
[www.w3.org/WAI/media/av/index.html]
[www.w3.org/WAI/about/groups/eowg/index.html]
[www.w3.org/blog/news/archives/7934.html]
[www.w3.org/WAI/APA/index.html]
[www.w3.org/TR/2019/WD-pronunciation-user-scenarios-20190905/index.html]
[www.w3.org/TR/2019/WD-pronunciation-use-cases-20190905/index.html]
[www.w3.org/blog/news/archives/7927.html]
[www.w3.org/TR/2019/WD-pronunciation-gap-analysis-20190905/index.html]
[www.w3.org/blog/news/archives/7922.html]
[www.w3.org/Style/CSS/members.html]
[www.w3.org/TR/CSS/index.html]
[www.w3.org/TR/2019/CR-css-writing-modes-3-20190903/index.html]
[www.w3.org/2019/08/inclusive-xr-workshop/index.html]
[www.w3.org/blog/news/archives/7911.html]
[www.w3.org/blog/news/feed]
[www.w3.org/2008/site/images/icons/rss30.png]
[www.w3.org/2008/site/images/icons/atom30.png]
[www.w3.org/2008/site/images/header-link-2.gif]
[www.w3.org/participate/eventscal.html]
[www.w3.org/Consortium/mission-2.html]
[www.w3.org/Consortium/Member/Testimonial/Logo/458.png]
[www.w3.org/blog/talks/event/breaking-barriers-with-your-cms/index.html]
[www.w3.org/blog/talks/event/accessibility-and-usability-working-together/index.html]
[www.w3.org/blog/talks/event/w3c-accessibility-conformance-testing-act-rules-for-wcag-2/index.html]
[www.w3.org/blog/talks/venue/koninklijke-industrieele-groote-club-amsterdam/index.html]
[2019.viewsourceconf.org/index.html]
[www.w3.org/blog/wp-content/uploads/2017/12/still.jpg]
[2019.restfest.org/east/index.html]
[www.w3.org/Consortium/contact.html]
[inclusivedesign24.org/2019/index.html]
[www.w3.org/index.html]
[www.w3.org/2001/tag/doc/namespaceState.html]
[www.w3.org/TR/SVG/index.html]
[www.w3.org/Graphics/SVG/index.html]
[www.w3.org/TR/REC-xml/index.html]
[www.w3.org/TR/REC-xml-names/index.html]
[www.w3.org/Help/Webmaster.html]
[www.w3.org/Help/index.html]
[www.w3.org/2008/site/css/minimum.css]
[www.w3.org/2008/site/css/advanced.css]
[www.w3.org/2008/site/css/print.css]
[www.w3.org/standards/index.html]
[www.w3.org/participate/index.html]
[www.w3.org/Consortium/membership.html]
[www.w3.org/Consortium/index.html]
[www.w3.org/auto/index.html]
[www.w3.org/tv/index.html]
[www.w3.org/publishing/index.html]
[www.w3.org/Payments/WG/index.html]
[www.w3.org/2013/data/index.html]
[www.w3.org/Telco/index.html]
[www.w3.org/WoT/index.html]
[www.w3.org/Consortium/mission.html]
[www.paris-web.fr/index.html]
[www.w3.org/WAI/index.html]
[www.w3.org/International/index.html]
[www.w3.org/Security/index.html]
[www.w3.org/Privacy/index.html]
[www.w3.org/Consortium/activities.html]
[www.w3.org/Consortium/cepc/index.html]
[www.w3.org/Guide/index.html]
[www.w3.org/community/groups/index.html]
[www.w3.org/community/groups/proposed/index.html]
[www.w3.org/developers/index.html]
[validator.w3.org/index.html]
[www.w3.org/2009/cheatsheet/index.html]
[www.w3.org/Status.html]
[web-platform-tests.org/index.html]
[2019ict.org/index.html]
[www.edx.org/school/w3cx.html]
[www.w3.org/Member/index.html]
[www.w3.org/2004/01/pp-impl/queue.html]
[www.w3.org/accounts/request.html]
[www.w3.org/blog/news/archives/7968.html]
[www.w3.org/2019/09/TPAC/index.html]
[www.w3.org/2019/09/w3c-highlights/index.html]
[www.iotimpact.com.au/index.html]
[www.w3.org/blog/2019/09/looking-back-at-tpac-2019-public-release-of-w3c-strategic-highlights/index.html]
[www.w3.org/blog/news/archives/7958.html]
[www.w3.org/2017/vc/WG/index.html]
[www.w3.org/TR/2019/NOTE-vc-imp-guide-20190924/index.html]
[www.w3.org/TR/2019/NOTE-vc-use-cases-20190924/index.html]
[www.w3.org/TR/2019/PR-vc-data-model-20190905/index.html]
[www.w3.org/blog/news/archives/7955.html]
[www.w3.org/2018/chinese-web-ig/index.html]
[www.w3.org/TR/2019/WD-mini-app-white-paper-20190912/index.html]
[www.w3.org/blog/news/archives/7951.html]
[www.w3.org/testing/browser/index.html]
[www.w3.org/TR/2019/WD-webdriver2-20190912/index.html]
[www.w3.org/blog/news/archives/7939.html]
[www.w3.org/WAI/about/groups/eowg/index.html]
[www.w3.org/WAI/media/av/index.html]
[www.w3.org/blog/news/archives/7934.html]
[www.w3.org/WAI/APA/index.html]
[www.w3.org/TR/2019/WD-pronunciation-user-scenarios-20190905/index.html]
[www.w3.org/TR/2019/WD-pronunciation-use-cases-20190905/index.html]
[www.w3.org/TR/2019/WD-pronunciation-gap-analysis-20190905/index.html]
[www.w3.org/blog/news/archives/7927.html]
[www.w3.org/blog/news/archives/7922.html]
[www.w3.org/Style/CSS/members.html]
[www.w3.org/TR/2019/CR-css-writing-modes-3-20190903/index.html]
[www.w3.org/TR/CSS/index.html]
[www.w3.org/blog/news/archives/7911.html]
[www.w3.org/2019/08/inclusive-xr-workshop/index.html]
[www.w3.org/blog/news/index.html]
[www.w3.org/blog/news/feed]
[www.w3.org/Talks/index.html]
[www.w3.org/blog/talks/event/accessibility-and-usability-working-together/index.html]
[www.w3.org/blog/talks/event/w3c-accessibility-conformance-testing-act-rules-for-wcag-2/index.html]
[www.w3.org/blog/talks/event/breaking-barriers-with-your-cms/index.html]
[www.w3.org/blog/talks/venue/koninklijke-industrieele-groote-club-amsterdam/index.html]
[www.w3.org/participate/eventscal.html]
[2019.restfest.org/east/index.html]
[2019.viewsourceconf.org/index.html]
